// Jest Snapshot v1, https://goo.gl/fbAQLP

exports[`should correctly render Footer 1`] = `
<div
  className="content-container"
>
  <div
    className="footer"
  >
    <p>
      Copyright Â© 
      2019
    </p>
    <p>
      All rights reserved.
    </p>
    <p>
      Made with 
      <i
        className="heart-symbol"
      />
       by 
      <a
        href="https://mwardew.com/"
      >
        MWardew
      </a>
    </p>
    <div>
      Icons made by
      <a
        href="https://www.freepik.com/"
        title="Freepik"
      >
         Freepik 
      </a>
      from 
      <a
        href="https://www.flaticon.com/"
        title="Flaticon"
      >
         www.flaticon.com 
      </a>
      is licensed by
      <a
        href="http://creativecommons.org/licenses/by/3.0/"
        target="_blank"
        title="Creative Commons BY 3.0"
      >
         CC 3.0 BY 
      </a>
    </div>
  </div>
</div>
`;
